// Jest Snapshot v1, https://goo.gl/fbAQLP

exports[`Pruebas en <SearchScreen /> debe mostrarse correctamente con valores por defecto 1`] = `
<div>
  <div
    className="row"
  >
    <div
      className="col-5"
    >
      <h4
        className="mt-3"
      >
        Search
      </h4>
      <hr />
      <form
        onSubmit={[Function]}
      >
        <input
          autoComplete="off"
          className="form-control"
          name="searchText"
          onChange={[Function]}
          placeholder="Search a hero"
          type="text"
          value=""
        />
        <button
          className="btn btn-outline-primary"
          type="submit"
        >
          Search...
        </button>
      </form>
    </div>
    <div
      className="col-7"
    >
      <h4>
        Resultados
      </h4>
      <hr />
      <div
        className="alert alert-info"
      >
        Buscar un heroe
      </div>
    </div>
  </div>
</div>
`;
