// Jest Snapshot v1, https://goo.gl/fbAQLP

exports[`Pruebas en el LoginComponent debe mostrarse correctamente 1`] = `
<div
  className="container mt-5"
>
  <h1>
    Login Screen
  </h1>
  <hr />
  <form>
    <input
      autoComplete="off"
      name="inputName"
      onChange={[Function]}
      type="text"
      value=""
    />
    <button
      className="btn btn-primary"
      onClick={[Function]}
      type="submit"
    >
      Login
    </button>
  </form>
</div>
`;
